{
    "text": "Welcome to Wikipedia,",
    "image": "tests/images/wiki_start.png"
}