{"text": "Ann Arbor is a city in and the county seat of Washtenaw County in\nthe U.S. state of Michigan. Founded in 1824 by John Allen and\nElisha Rumsey, it was named after the wives of the village's\nfounders, both named Ann, and the stands of bur oak trees they\nfound there. A college town, Ann Arbor is home to the University of\nMichigan, which significantly shapes the city's economy, employing\nabout 30,000 workers. The city's economy is also centered on high\ntechnology, with several companies drawn to the area by the", "image": "tests/images/wiki_para.png"}